../Core/Src/main.c:139:5:main	1
../Core/Src/main.c:234:13:inverter_send_precharge	1
../Core/Src/main.c:239:13:inverter_set_ready	1
../Core/Src/main.c:244:13:inverter_send_torque	1
../Core/Src/main.c:250:13:inverter_shutdown	1
../Core/Src/main.c:255:6:HAL_TIM_PeriodElapsedCallback	10
../Core/Src/main.c:311:6:SystemClock_Config	4
../Core/Src/main.c:369:6:PeriphCommonClock_Config	2
../Core/Src/main.c:397:13:MX_ADC3_Init	3
../Core/Src/main.c:460:13:MX_FDCAN1_Init	2
../Core/Src/main.c:513:13:MX_FDCAN2_Init	2
../Core/Src/main.c:566:13:MX_FDCAN3_Init	2
../Core/Src/main.c:619:13:MX_SDMMC1_SD_Init	2
../Core/Src/main.c:650:13:MX_SPI1_Init	2
../Core/Src/main.c:698:13:MX_TIM1_Init	8
../Core/Src/main.c:782:13:MX_TIM16_Init	2
../Core/Src/main.c:814:13:MX_USART10_UART_Init	5
../Core/Src/main.c:862:13:MX_USB_OTG_HS_PCD_Init	2
../Core/Src/main.c:898:13:MX_GPIO_Init	1
../Core/Src/main.c:982:6:StartDefaultTask	1
../Core/Src/main.c:997:6:Error_Handler	1
