../Core/Src/main.c:109:5:main	8	static
../Core/Src/main.c:183:6:SystemClock_Config	120	static
../Core/Src/main.c:241:6:PeriphCommonClock_Config	192	static
../Core/Src/main.c:265:13:inverter_send_precharge	4	static
../Core/Src/main.c:270:13:inverter_set_ready	4	static
../Core/Src/main.c:275:13:inverter_send_torque	16	static
../Core/Src/main.c:281:13:inverter_shutdown	4	static
../Core/Src/main.c:290:6:HAL_TIM_PeriodElapsedCallback	48	static
../Core/Src/main.c:347:6:Error_Handler	4	static,ignoring_inline_asm
